install
+- install tt++
   +- compile exe tt++ Debug native 6 errors
error: duplicate symbol definition: _add_nest_node
    note: defined by /Users/ericfriday/dev/tintin/zigified/.zig-cache/o/7e0ffaad54d7274aad43b2d0300b1236/nest_zig.o
    note: defined by /Users/ericfriday/dev/tintin/zigified/.zig-cache/o/c7db378c1c959ae9e3413c0289329888/missing_variadics.o
error: duplicate symbol definition: _add_nest_node_ses
    note: defined by /Users/ericfriday/dev/tintin/zigified/.zig-cache/o/c8cf66156a0733bd51c34bcffa674b2b/banner_zig.o
    note: defined by /Users/ericfriday/dev/tintin/zigified/.zig-cache/o/c7db378c1c959ae9e3413c0289329888/missing_variadics.o
error: duplicate symbol definition: _command
    note: defined by /Users/ericfriday/dev/tintin/zigified/.zig-cache/o/c8cf66156a0733bd51c34bcffa674b2b/banner_zig.o
    note: defined by /Users/ericfriday/dev/tintin/zigified/.zig-cache/o/c7db378c1c959ae9e3413c0289329888/missing_variadics.o
error: duplicate symbol definition: _execute
    note: defined by /Users/ericfriday/dev/tintin/zigified/.zig-cache/o/8fc2b636800b805e047333f2a7ddd97b/command_zig.o
    note: defined by /Users/ericfriday/dev/tintin/zigified/.zig-cache/o/c7db378c1c959ae9e3413c0289329888/missing_variadics.o
error: duplicate symbol definition: _set_nest_node
    note: defined by /Users/ericfriday/dev/tintin/zigified/.zig-cache/o/d8402b50dd3ad52c39ca11a42331d132/draw_zig.o
    note: defined by /Users/ericfriday/dev/tintin/zigified/.zig-cache/o/c7db378c1c959ae9e3413c0289329888/missing_variadics.o
error: duplicate symbol definition: _set_nest_node_ses
    note: defined by /Users/ericfriday/dev/tintin/zigified/.zig-cache/o/c8cf66156a0733bd51c34bcffa674b2b/banner_zig.o
    note: defined by /Users/ericfriday/dev/tintin/zigified/.zig-cache/o/c7db378c1c959ae9e3413c0289329888/missing_variadics.o
error: 6 compilation errors
failed command: /opt/homebrew/Cellar/zig/0.16.0_1/bin/zig build-exe -cflags -D_GNU_SOURCE -DHAVE_CONFIG_H -Wno-deprecated-declarations -- /Users/ericfriday/dev/tintin/zigified/src/missing_phase9.c /Users/ericfriday/dev/tintin/zigified/src/missing_variadics.c -lpcre -lz -lgnutls -lutil .zig-cache/o/c8cf66156a0733bd51c34bcffa674b2b/banner_zig.o .zig-cache/o/71bdba4d4bd5f69365d3fff63795ed26/base_zig.o .zig-cache/o/c38bf2cb8c547e8ee49573b591d11fba/buffer_zig.o .zig-cache/o/6d3cc1691f265fee83f2b73d3bde8c34/chat_zig.o .zig-cache/o/a8d8a507b80955d1641b235932148f40/class_zig.o .zig-cache/o/8fc2b636800b805e047333f2a7ddd97b/command_zig.o .zig-cache/o/982bdeb305ba3b0e13b825ab4d9dec40/config_zig.o .zig-cache/o/dc06c6f78a5fd19bdcdea816121bd230/cursor_zig.o .zig-cache/o/38442702e779314d986268f66cfff451/daemon_zig.o .zig-cache/o/1a65441032185b4b1df225b8d6276524/data_zig.o .zig-cache/o/ca7e0e363a77c0143151d5b56e5b3bef/debug_zig.o .zig-cache/o/d935dbf4b69ad436a591cb94ba4f7c02/dict_zig.o .zig-cache/o/d8402b50dd3ad52c39ca11a42331d132/draw_zig.o .zig-cache/o/7491b80eb9dfc85e3f9a75a7adcd7451/edit_zig.o .zig-cache/o/1c982127a3ee7a4595e5b3c68cc19837/event_zig.o .zig-cache/o/3df0a1049841bdf8af5020c47b1d5f2c/files_zig.o .zig-cache/o/951ff248177182204cff9292ed2bfed5/forkpty_zig.o .zig-cache/o/6d955f0acf94e4965d1f6cb72d427489/help_zig.o .zig-cache/o/686f8bab58e487def9e0a71f0bd5f50b/history_zig.o .zig-cache/o/24d3fd71f98dafe71b9698615c0d271f/input_zig.o .zig-cache/o/d44a1b947118ed6df5eb99ced9219291/line_zig.o .zig-cache/o/0a8c60af5fdf804d129219bd18cba607/list_zig.o .zig-cache/o/797f53192051cec19506483a08d8d21a/log_zig.o .zig-cache/o/d6ae5e66259a25c04f0ec3389d238bd0/mapper_zig.o .zig-cache/o/a7044b1d6e5d22becb20a0365e1b2928/math_zig.o .zig-cache/o/fdb54d8c9cb187f5fe91d54e71462006/mccp_zig.o .zig-cache/o/e413f21e7f5cbd24fddb9be27d04b5bc/memory_zig.o .zig-cache/o/c49a5dbbfa723a2df7df3931610cb9c9/misc_zig.o .zig-cache/o/233f8ba78b1da803530505d7329e421b/missing_phase5_zig.o .zig-cache/o/a142fa7451df73dd0688ad887e64d92f/missing_phase8_zig.o .zig-cache/o/0f2726cd2ef49ac84e0ba8c0f299b938/missing_regex_zig.o .zig-cache/o/9be5727e8cfa0abfa6434c4a26f49824/missing_sort_zig.o .zig-cache/o/70c5b8135f5991a66a955a5ab93dbc1e/missing_sort_tmpl_zig.o .zig-cache/o/21966211a93f8d09d6cb989e03c443af/msdp_zig.o .zig-cache/o/7e0ffaad54d7274aad43b2d0300b1236/nest_zig.o .zig-cache/o/bdb8370f19ba5b695a53ec6174c7961a/net_zig.o .zig-cache/o/fd9fb704f5049c2b7da156674e325f74/parse_zig.o .zig-cache/o/47addd36945836687d377f9430d34ca0/path_zig.o .zig-cache/o/ea92b11a9fa0b880bdce19e2d81ec8f9/port_zig.o .zig-cache/o/b5462542fba8add4fef946881fdb00a7/regex_zig.o .zig-cache/o/04b8de807e75734c200e0b683b172eef/scan_zig.o .zig-cache/o/889be713bfbc77a3ef1a27774d7a9469/screen_zig.o .zig-cache/o/4bb1aec7f365c3af76febdc20b66300a/session_zig.o .zig-cache/o/6d88b618ca5a81e1dbde22d625702a46/show_zig.o .zig-cache/o/dabbb73c48138eeb690c0a51708a146d/sort_zig.o .zig-cache/o/b5b2efcd835ed7e0e26230b35baca5a6/split_zig.o .zig-cache/o/78809d16d2a2bd91bb4a2018575199dc/ssl_zig.o .zig-cache/o/c00517b28a69bf684f406d7cf329ff84/string_zig.o .zig-cache/o/423a85f3596f2d1807da804441ed8fae/substitute_zig.o .zig-cache/o/68f41ff613e4b792abcd20f01a375b15/system_zig.o .zig-cache/o/b764eb850d6481d6204b4b22cd81db0e/tables_zig.o .zig-cache/o/dd5cdd41f090c719db743c2a807579c8/telopt_client_zig.o .zig-cache/o/0799bfa3dd9f9a4c3fca99b5dc644252/telopt_server_zig.o .zig-cache/o/360ffb1e115bb8f1a29493ac7123b556/terminal_zig.o .zig-cache/o/e14c3e9a38a2922bc20d42a2ff88153e/test_zig.o .zig-cache/o/c36794020017e35abcff1e6d9a6ca816/text_zig.o .zig-cache/o/7cdea9c53824f4d28b6e93923aae25c9/tokenize_zig.o .zig-cache/o/d6e05223b58569d7ffcb72dc8f6ea23b/trigger_zig.o .zig-cache/o/b4cce7c9909cea65c22b17320b83ce0b/update_a_zig.o .zig-cache/o/666b6c583d0d0674429083d6c6de267d/update_b_zig.o .zig-cache/o/b766e46ecb562df7cb5ac1c203aadac0/utf8_zig.o .zig-cache/o/5198d29dac89d2c30ce4e6f6e329eda6/utils_zig.o .zig-cache/o/c1f54cd9f313e799fc13a09b70436a7f/variable_zig.o .zig-cache/o/aeb98b8669c705e38cae234070c6ff75/vt102_a_zig.o .zig-cache/o/96284eb057fde2cd95164314f469fa4c/vt102_b_zig.o -ODebug -I /Users/ericfriday/dev/tintin/zigified/src -I /opt/homebrew/include -I /Users/ericfriday/dev/tintin/zigified/src -I .zig-cache/o/2fb5824d4233e9fe32370ab196a5b16d -I .zig-cache/o/2fb5824d4233e9fe32370ab196a5b16d -I .zig-cache/o/2fb5824d4233e9fe32370ab196a5b16d -I .zig-cache/o/2fb5824d4233e9fe32370ab196a5b16d -I .zig-cache/o/2fb5824d4233e9fe32370ab196a5b16d -I .zig-cache/o/2fb5824d4233e9fe32370ab196a5b16d -I .zig-cache/o/2fb5824d4233e9fe32370ab196a5b16d -I .zig-cache/o/2fb5824d4233e9fe32370ab196a5b16d -I .zig-cache/o/2fb5824d4233e9fe32370ab196a5b16d -I .zig-cache/o/2fb5824d4233e9fe32370ab196a5b16d -I .zig-cache/o/2fb5824d4233e9fe32370ab196a5b16d -I .zig-cache/o/2fb5824d4233e9fe32370ab196a5b16d -I .zig-cache/o/2fb5824d4233e9fe32370ab196a5b16d -I .zig-cache/o/2fb5824d4233e9fe32370ab196a5b16d -I .zig-cache/o/2fb5824d4233e9fe32370ab196a5b16d -I .zig-cache/o/2fb5824d4233e9fe32370ab196a5b16d -I .zig-cache/o/2fb5824d4233e9fe32370ab196a5b16d -I .zig-cache/o/2fb5824d4233e9fe32370ab196a5b16d -I .zig-cache/o/2fb5824d4233e9fe32370ab196a5b16d -I .zig-cache/o/2fb5824d4233e9fe32370ab196a5b16d -I .zig-cache/o/2fb5824d4233e9fe32370ab196a5b16d -I .zig-cache/o/2fb5824d4233e9fe32370ab196a5b16d -I .zig-cache/o/2fb5824d4233e9fe32370ab196a5b16d -I .zig-cache/o/2fb5824d4233e9fe32370ab196a5b16d -I .zig-cache/o/2fb5824d4233e9fe32370ab196a5b16d -I .zig-cache/o/2fb5824d4233e9fe32370ab196a5b16d -I .zig-cache/o/2fb5824d4233e9fe32370ab196a5b16d -I .zig-cache/o/2fb5824d4233e9fe32370ab196a5b16d -I .zig-cache/o/2fb5824d4233e9fe32370ab196a5b16d -I .zig-cache/o/2fb5824d4233e9fe32370ab196a5b16d -I .zig-cache/o/2fb5824d4233e9fe32370ab196a5b16d -I .zig-cache/o/2fb5824d4233e9fe32370ab196a5b16d -I .zig-cache/o/2fb5824d4233e9fe32370ab196a5b16d -I .zig-cache/o/2fb5824d4233e9fe32370ab196a5b16d -I .zig-cache/o/2fb5824d4233e9fe32370ab196a5b16d -I .zig-cache/o/2fb5824d4233e9fe32370ab196a5b16d -I .zig-cache/o/2fb5824d4233e9fe32370ab196a5b16d -I .zig-cache/o/2fb5824d4233e9fe32370ab196a5b16d -I .zig-cache/o/2fb5824d4233e9fe32370ab196a5b16d -I .zig-cache/o/2fb5824d4233e9fe32370ab196a5b16d -I .zig-cache/o/2fb5824d4233e9fe32370ab196a5b16d -I .zig-cache/o/2fb5824d4233e9fe32370ab196a5b16d -I .zig-cache/o/2fb5824d4233e9fe32370ab196a5b16d -I .zig-cache/o/2fb5824d4233e9fe32370ab196a5b16d -I .zig-cache/o/2fb5824d4233e9fe32370ab196a5b16d -I .zig-cache/o/2fb5824d4233e9fe32370ab196a5b16d -I .zig-cache/o/2fb5824d4233e9fe32370ab196a5b16d -I .zig-cache/o/2fb5824d4233e9fe32370ab196a5b16d -I .zig-cache/o/2fb5824d4233e9fe32370ab196a5b16d -I .zig-cache/o/2fb5824d4233e9fe32370ab196a5b16d -I .zig-cache/o/2fb5824d4233e9fe32370ab196a5b16d -I .zig-cache/o/2fb5824d4233e9fe32370ab196a5b16d -I .zig-cache/o/2fb5824d4233e9fe32370ab196a5b16d -I .zig-cache/o/2fb5824d4233e9fe32370ab196a5b16d -I .zig-cache/o/2fb5824d4233e9fe32370ab196a5b16d -I .zig-cache/o/2fb5824d4233e9fe32370ab196a5b16d -I .zig-cache/o/2fb5824d4233e9fe32370ab196a5b16d -I .zig-cache/o/2fb5824d4233e9fe32370ab196a5b16d -I .zig-cache/o/2fb5824d4233e9fe32370ab196a5b16d -I .zig-cache/o/2fb5824d4233e9fe32370ab196a5b16d -I .zig-cache/o/2fb5824d4233e9fe32370ab196a5b16d -I .zig-cache/o/2fb5824d4233e9fe32370ab196a5b16d -I .zig-cache/o/2fb5824d4233e9fe32370ab196a5b16d -I .zig-cache/o/2fb5824d4233e9fe32370ab196a5b16d -I .zig-cache/o/2fb5824d4233e9fe32370ab196a5b16d -Mroot=/Users/ericfriday/dev/tintin/zigified/src/main.zig -lc --cache-dir .zig-cache --global-cache-dir /Users/ericfriday/.cache/zig --name tt++ --zig-lib-dir /opt/homebrew/Cellar/zig/0.16.0_1/lib/zig/ --listen=-

Build Summary: 130/133 steps succeeded (1 failed)
install transitive failure
+- install tt++ transitive failure
   +- compile exe tt++ Debug native 6 errors

error: the following build command failed with exit code 1:
.zig-cache/o/1447085f0d2690b4a425e0db38614aa9/build /opt/homebrew/Cellar/zig/0.16.0_1/bin/zig /opt/homebrew/Cellar/zig/0.16.0_1/lib/zig /Users/ericfriday/dev/tintin/zigified .zig-cache /Users/ericfriday/.cache/zig --seed 0xf69a13ae -Z848c4181c9d81e2b
