install
+- install tt++
   +- compile exe tt++ Debug native 4 errors
src/main.zig:21:27: error: root source file struct 'std' has no member named 'io'
    const my_stderr = std.io.getStdErr().writer();
                          ^~
/opt/homebrew/Cellar/zig/0.16.0_1/lib/zig/std/std.zig:1:1: note: struct declared here
pub const AutoHashMap = hash_map.AutoHashMap;
^~~
referenced by:
    log__anon_19605: /opt/homebrew/Cellar/zig/0.16.0_1/lib/zig/std/log.zig:72:22
    err__anon_19572: /opt/homebrew/Cellar/zig/0.16.0_1/lib/zig/std/log.zig:147:16
    6 reference(s) hidden; use '-freference-trace=8' to see all references
src/main.zig:21:27: error: root source file struct 'std' has no member named 'io'
    const my_stderr = std.io.getStdErr().writer();
                          ^~
/opt/homebrew/Cellar/zig/0.16.0_1/lib/zig/std/std.zig:1:1: note: struct declared here
pub const AutoHashMap = hash_map.AutoHashMap;
^~~
src/main.zig:21:27: error: root source file struct 'std' has no member named 'io'
    const my_stderr = std.io.getStdErr().writer();
                          ^~
/opt/homebrew/Cellar/zig/0.16.0_1/lib/zig/std/std.zig:1:1: note: struct declared here
pub const AutoHashMap = hash_map.AutoHashMap;
^~~
src/main.zig:21:27: error: root source file struct 'std' has no member named 'io'
    const my_stderr = std.io.getStdErr().writer();
                          ^~
/opt/homebrew/Cellar/zig/0.16.0_1/lib/zig/std/std.zig:1:1: note: struct declared here
pub const AutoHashMap = hash_map.AutoHashMap;
^~~
error: 4 compilation errors
failed command: /opt/homebrew/Cellar/zig/0.16.0_1/bin/zig build-exe -cflags -D_GNU_SOURCE -DHAVE_CONFIG_H -Wno-deprecated-declarations -- /Users/ericfriday/dev/tintin/zigified/src/missing_phase5.c /Users/ericfriday/dev/tintin/zigified/src/missing_phase8.c /Users/ericfriday/dev/tintin/zigified/src/missing_phase9.c /Users/ericfriday/dev/tintin/zigified/src/missing_sort.c /Users/ericfriday/dev/tintin/zigified/src/missing_variadics.c -lpcre2-8 -lz -lgnutls -lutil .zig-cache/o/c8cf66156a0733bd51c34bcffa674b2b/banner_zig.o .zig-cache/o/71bdba4d4bd5f69365d3fff63795ed26/base_zig.o .zig-cache/o/c38bf2cb8c547e8ee49573b591d11fba/buffer_zig.o .zig-cache/o/6d3cc1691f265fee83f2b73d3bde8c34/chat_zig.o .zig-cache/o/0bff3017323aead746c38245ec355a87/class_zig.o .zig-cache/o/8fc2b636800b805e047333f2a7ddd97b/command_zig.o .zig-cache/o/982bdeb305ba3b0e13b825ab4d9dec40/config_zig.o .zig-cache/o/4d5b0328de96e2ae72bbdf80860eebc6/cursor_zig.o .zig-cache/o/38442702e779314d986268f66cfff451/daemon_zig.o .zig-cache/o/ecd2a587d9e8e019d56974e140cba4a3/data_zig.o .zig-cache/o/ca7e0e363a77c0143151d5b56e5b3bef/debug_zig.o .zig-cache/o/d935dbf4b69ad436a591cb94ba4f7c02/dict_zig.o .zig-cache/o/ea829d16ba77a38bb135c4f066c60f3a/draw_zig.o .zig-cache/o/7491b80eb9dfc85e3f9a75a7adcd7451/edit_zig.o .zig-cache/o/ee6ef9c7b4857faf821226a7702cfc56/event_zig.o .zig-cache/o/e111d3630190d536770753785ef97afe/files_zig.o .zig-cache/o/951ff248177182204cff9292ed2bfed5/forkpty_zig.o .zig-cache/o/6d955f0acf94e4965d1f6cb72d427489/help_zig.o .zig-cache/o/065ea9509f559decc43a1c7959d03169/history_zig.o .zig-cache/o/8d3231c08fb50c92547fc826db5a4f08/input_zig.o .zig-cache/o/d44a1b947118ed6df5eb99ced9219291/line_zig.o .zig-cache/o/0a8c60af5fdf804d129219bd18cba607/list_zig.o .zig-cache/o/797f53192051cec19506483a08d8d21a/log_zig.o .zig-cache/o/b61b5a42d5830a3a82f3aa630d86c2fd/mapper_zig.o .zig-cache/o/9e63abafc4167d802a371fb073b1264b/math_zig.o .zig-cache/o/fdb54d8c9cb187f5fe91d54e71462006/mccp_zig.o .zig-cache/o/e413f21e7f5cbd24fddb9be27d04b5bc/memory_zig.o .zig-cache/o/c49a5dbbfa723a2df7df3931610cb9c9/misc_zig.o .zig-cache/o/0f2726cd2ef49ac84e0ba8c0f299b938/missing_regex_zig.o .zig-cache/o/70c5b8135f5991a66a955a5ab93dbc1e/missing_sort_tmpl_zig.o .zig-cache/o/21966211a93f8d09d6cb989e03c443af/msdp_zig.o .zig-cache/o/0d4b1a2c748a2382a6fd44eeb83ca42a/nest_zig.o .zig-cache/o/3ab7813abacaaf0f7eac3000f03e1774/net_zig.o .zig-cache/o/fd9fb704f5049c2b7da156674e325f74/parse_zig.o .zig-cache/o/3011d49c7335436e5c6e6053f3b6c7dd/path_zig.o .zig-cache/o/ea92b11a9fa0b880bdce19e2d81ec8f9/port_zig.o .zig-cache/o/b5462542fba8add4fef946881fdb00a7/regex_zig.o .zig-cache/o/04b8de807e75734c200e0b683b172eef/scan_zig.o .zig-cache/o/889be713bfbc77a3ef1a27774d7a9469/screen_zig.o .zig-cache/o/4bb1aec7f365c3af76febdc20b66300a/session_zig.o .zig-cache/o/6d88b618ca5a81e1dbde22d625702a46/show_zig.o .zig-cache/o/dabbb73c48138eeb690c0a51708a146d/sort_zig.o .zig-cache/o/b5b2efcd835ed7e0e26230b35baca5a6/split_zig.o .zig-cache/o/78809d16d2a2bd91bb4a2018575199dc/ssl_zig.o .zig-cache/o/07c3edd8231b8ca985589c76c7877ac2/string_zig.o .zig-cache/o/423a85f3596f2d1807da804441ed8fae/substitute_zig.o .zig-cache/o/68f41ff613e4b792abcd20f01a375b15/system_zig.o .zig-cache/o/b764eb850d6481d6204b4b22cd81db0e/tables_zig.o .zig-cache/o/dd5cdd41f090c719db743c2a807579c8/telopt_client_zig.o .zig-cache/o/0799bfa3dd9f9a4c3fca99b5dc644252/telopt_server_zig.o .zig-cache/o/360ffb1e115bb8f1a29493ac7123b556/terminal_zig.o .zig-cache/o/e14c3e9a38a2922bc20d42a2ff88153e/test_zig.o .zig-cache/o/c36794020017e35abcff1e6d9a6ca816/text_zig.o .zig-cache/o/7cdea9c53824f4d28b6e93923aae25c9/tokenize_zig.o .zig-cache/o/8d7e260a4e627a61e91c241ff1054663/trigger_zig.o .zig-cache/o/6b2f470a8f812cf3fe4e598b8ae237a7/update_a_zig.o .zig-cache/o/666b6c583d0d0674429083d6c6de267d/update_b_zig.o .zig-cache/o/b766e46ecb562df7cb5ac1c203aadac0/utf8_zig.o .zig-cache/o/975790e826ddb1b61d2470c862499309/utils_zig.o .zig-cache/o/f5ca6876e5196a6e3dc022ceb29f599f/variable_zig.o .zig-cache/o/aeb98b8669c705e38cae234070c6ff75/vt102_a_zig.o .zig-cache/o/96284eb057fde2cd95164314f469fa4c/vt102_b_zig.o -ODebug -I /Users/ericfriday/dev/tintin/zigified/src -I /opt/homebrew/include -I /Users/ericfriday/dev/tintin/zigified/src -I .zig-cache/o/2fb5824d4233e9fe32370ab196a5b16d -I .zig-cache/o/2fb5824d4233e9fe32370ab196a5b16d -I .zig-cache/o/2fb5824d4233e9fe32370ab196a5b16d -I .zig-cache/o/2fb5824d4233e9fe32370ab196a5b16d -I .zig-cache/o/2fb5824d4233e9fe32370ab196a5b16d -I .zig-cache/o/2fb5824d4233e9fe32370ab196a5b16d -I .zig-cache/o/2fb5824d4233e9fe32370ab196a5b16d -I .zig-cache/o/2fb5824d4233e9fe32370ab196a5b16d -I .zig-cache/o/2fb5824d4233e9fe32370ab196a5b16d -I .zig-cache/o/2fb5824d4233e9fe32370ab196a5b16d -I .zig-cache/o/2fb5824d4233e9fe32370ab196a5b16d -I .zig-cache/o/2fb5824d4233e9fe32370ab196a5b16d -I .zig-cache/o/2fb5824d4233e9fe32370ab196a5b16d -I .zig-cache/o/2fb5824d4233e9fe32370ab196a5b16d -I .zig-cache/o/2fb5824d4233e9fe32370ab196a5b16d -I .zig-cache/o/2fb5824d4233e9fe32370ab196a5b16d -I .zig-cache/o/2fb5824d4233e9fe32370ab196a5b16d -I .zig-cache/o/2fb5824d4233e9fe32370ab196a5b16d -I .zig-cache/o/2fb5824d4233e9fe32370ab196a5b16d -I .zig-cache/o/2fb5824d4233e9fe32370ab196a5b16d -I .zig-cache/o/2fb5824d4233e9fe32370ab196a5b16d -I .zig-cache/o/2fb5824d4233e9fe32370ab196a5b16d -I .zig-cache/o/2fb5824d4233e9fe32370ab196a5b16d -I .zig-cache/o/2fb5824d4233e9fe32370ab196a5b16d -I .zig-cache/o/2fb5824d4233e9fe32370ab196a5b16d -I .zig-cache/o/2fb5824d4233e9fe32370ab196a5b16d -I .zig-cache/o/2fb5824d4233e9fe32370ab196a5b16d -I .zig-cache/o/2fb5824d4233e9fe32370ab196a5b16d -I .zig-cache/o/2fb5824d4233e9fe32370ab196a5b16d -I .zig-cache/o/2fb5824d4233e9fe32370ab196a5b16d -I .zig-cache/o/2fb5824d4233e9fe32370ab196a5b16d -I .zig-cache/o/2fb5824d4233e9fe32370ab196a5b16d -I .zig-cache/o/2fb5824d4233e9fe32370ab196a5b16d -I .zig-cache/o/2fb5824d4233e9fe32370ab196a5b16d -I .zig-cache/o/2fb5824d4233e9fe32370ab196a5b16d -I .zig-cache/o/2fb5824d4233e9fe32370ab196a5b16d -I .zig-cache/o/2fb5824d4233e9fe32370ab196a5b16d -I .zig-cache/o/2fb5824d4233e9fe32370ab196a5b16d -I .zig-cache/o/2fb5824d4233e9fe32370ab196a5b16d -I .zig-cache/o/2fb5824d4233e9fe32370ab196a5b16d -I .zig-cache/o/2fb5824d4233e9fe32370ab196a5b16d -I .zig-cache/o/2fb5824d4233e9fe32370ab196a5b16d -I .zig-cache/o/2fb5824d4233e9fe32370ab196a5b16d -I .zig-cache/o/2fb5824d4233e9fe32370ab196a5b16d -I .zig-cache/o/2fb5824d4233e9fe32370ab196a5b16d -I .zig-cache/o/2fb5824d4233e9fe32370ab196a5b16d -I .zig-cache/o/2fb5824d4233e9fe32370ab196a5b16d -I .zig-cache/o/2fb5824d4233e9fe32370ab196a5b16d -I .zig-cache/o/2fb5824d4233e9fe32370ab196a5b16d -I .zig-cache/o/2fb5824d4233e9fe32370ab196a5b16d -I .zig-cache/o/2fb5824d4233e9fe32370ab196a5b16d -I .zig-cache/o/2fb5824d4233e9fe32370ab196a5b16d -I .zig-cache/o/2fb5824d4233e9fe32370ab196a5b16d -I .zig-cache/o/2fb5824d4233e9fe32370ab196a5b16d -I .zig-cache/o/2fb5824d4233e9fe32370ab196a5b16d -I .zig-cache/o/2fb5824d4233e9fe32370ab196a5b16d -I .zig-cache/o/2fb5824d4233e9fe32370ab196a5b16d -I .zig-cache/o/2fb5824d4233e9fe32370ab196a5b16d -I .zig-cache/o/2fb5824d4233e9fe32370ab196a5b16d -I .zig-cache/o/2fb5824d4233e9fe32370ab196a5b16d -I .zig-cache/o/2fb5824d4233e9fe32370ab196a5b16d -I .zig-cache/o/2fb5824d4233e9fe32370ab196a5b16d -Mroot=/Users/ericfriday/dev/tintin/zigified/src/main.zig -lc --cache-dir .zig-cache --global-cache-dir /Users/ericfriday/.cache/zig --name tt++ --zig-lib-dir /opt/homebrew/Cellar/zig/0.16.0_1/lib/zig/ --listen=-

Build Summary: 124/127 steps succeeded (1 failed)
install transitive failure
+- install tt++ transitive failure
   +- compile exe tt++ Debug native 4 errors

error: the following build command failed with exit code 1:
.zig-cache/o/1ac8cde964e059b03299075d04ebfcd1/build /opt/homebrew/Cellar/zig/0.16.0_1/bin/zig /opt/homebrew/Cellar/zig/0.16.0_1/lib/zig /Users/ericfriday/dev/tintin/zigified .zig-cache /Users/ericfriday/.cache/zig --seed 0xb846318a -Zf69ae4096e74c131
